// Jest Snapshot v1, https://goo.gl/fbAQLP

exports[`Use snapshots to confirm the stability of the Header component should match the snapshot 1`] = `
<header
  className="header"
>
  <nav
    className="nav_bar"
  >
    <div
      className="nav_title"
    >
      <h1>
        <a
          href="/"
          onClick={[Function]}
        >
          Math Magicians
        </a>
      </h1>
    </div>
    <ul
      className="nav_items"
    >
      <li
        className="nav_item"
      >
        <a
          aria-current="page"
          className="nav_link active"
          href="/"
          onClick={[Function]}
        >
          Home
        </a>
      </li>
      <li>
        <a
          className="nav_link"
          href="/calculator"
          onClick={[Function]}
        >
          Calculator
        </a>
      </li>
      <li>
        <a
          className="nav_link"
          href="/quote"
          onClick={[Function]}
        >
          Quote
        </a>
      </li>
    </ul>
  </nav>
</header>
`;
